
========= Scalar bool =========
[False, True, True]
[True, False, False]
[True, False, False]
[True, False, False]

========= Scalar int8 =========
[0, 1, -1]
[-1, -2, 0]
[-1, -2, 0]
[True, False, False]

========= Scalar uint8 =========
[0, 1, 255]
[255, 254, 0]
[255, 254, 0]
[True, False, False]
