   1   1   1   1   1
<storage.float of size 5 on cpu>
   1   1   1   1   1
<storage.half of size 5 on cpu>
   1   1   1   1   1
<storage.half of size 5 on cpu (byteswapped)>
   1   1   1   1   1
<storage.float of size 5 on cpu>
   3   3   3   3   3
<storage.float of size 5 on cpu>
   3   3   3   3   3
<storage.half of size 5 on cpu (byteswapped)>
