
========= fabs =========
   3
<tensor.float of size 1 on gpu0>
   3
<tensor.uint8 of size 1 on gpu0>
   3
<tensor.double of size 1 on gpu0>
   5
<tensor.int32 of size 1 on gpu0>
   5 + 0j
<tensor.complex-half of size 1 on gpu0>

========= absolute =========
   3
<tensor.float of size 1 on gpu0>
   3
<tensor.uint8 of size 1 on gpu0>
   3
<tensor.double of size 1 on gpu0>
   5
<tensor.int32 of size 1 on gpu0>
   5 + 0j
<tensor.complex-half of size 1 on gpu0>
