(:,:)
   0   1   2
   3   4   5
<tensor.double of size 2x3 on cpu>
(:,:)
    0    3    6    9
    1    4    7   10
    2    5    8   11
<tensor.double of size 3x4 on cpu>
(:,:)
     5    14    23    32
    14    50    86   122
<tensor.double of size 2x4 on cpu>
(:,:)
    9   12   15
   12   17   22
   15   22   29
<tensor.double of size 3x3 on cpu>
