========= (int8) =========
[True, True]
[False, False]
[True, True]
[True, True]
[True, True]
[True, True]
[False, False]
[False, False]
[False, False]
[True, True]
[False, False]
[True, True]
[True, True]
[True, True]
[True, True]
[True, True]
[False, False]
[True, True]
[False, False]
[False, False]
[False, False]
========= (half) =========
[True, True]
[False, False]
[True, True]
[True, True]
[True, True]
[True, True]
[False, False]
[False, False]
[False, False]
[True, True]
[False, False]
[True, True]
[True, True]
[True, True]
[True, True]
[True, True]
[False, False]
[True, True]
[False, False]
[False, False]
[False, False]
========= (complex-float) =========
[True, True]
[False, False]
[True, True]
[True, True]
[True, True]
[True, True]
[False, False]
[False, False]
[False, False]
[True, True]
[False, False]
[True, True]
[True, True]
[True, True]
[True, True]
[True, True]
[False, False]
[True, True]
[False, False]
[False, False]
[False, False]
