
========= Mode 'F' =========
(:,:,0)
   1   4
   2   5
   3   6
<tensor.float of size 3x2x1 on cpu>
[[[1.0, 2.0, 3.0], [4.0, 5.0, 6.0]]]

========= Mode 'C' =========
(:,:,0)
   1   4

(:,:,1)
   2   5

(:,:,2)
   3   6
<tensor.float of size 1x2x3 on cpu>
[[[1.0, 2.0, 3.0], [4.0, 5.0, 6.0]]]

========= Mode 'R' =========
(:,:,0)
   1   2   3
   4   5   6
<tensor.float of size 2x3x1 on cpu>
[[[1.0, 2.0, 3.0], [4.0, 5.0, 6.0]]]
