(:,:)
    0    5   10   15   20
    1    6   11   16   21
    2    7   12   17   22
    3    8   13   18   23
    4    9   14   19   24
<tensor.int64 of size 5x5 on cpu>
(:,:)
   0   1   0   1   0
   1   0   1   0   1
   0   1   0   1   0
   1   0   1   0   1
   0   1   0   1   0
<tensor.int64 of size 5x5 on cpu>
(:,:)
   1   3   0   2   4   1   3   0   2   4   1   3
   0   0   1   1   1   2   2   3   3   3   4   4
<tensor.int64 of size 2x12 on cpu>
(:,:)
     0    30    10    80    20
    10     6    60    16   110
     2    40    12    90    22
    20     8    70    18   120
     4    50    14   100    24
<tensor.int64 of size 5x5 on cpu>
(:,:)
     0    31    10    80    20
    10     7    60    16   110
     2    41    12    90    22
    20     9    70    18   120
     4    51    14   100    24
<tensor.int64 of size 5x5 on cpu>
(:,:)
     0    31    10    80    20
    10     7    60    16   110
     4    82    24   180    44
    20     9    70    18   120
     4    51    14   100    24
<tensor.int64 of size 5x5 on cpu>
